\BOOKMARK [1][-]{section*.2}{\376\377\000A\000b\000s\000t\000r\000a\000c\000t}{}% 1
\BOOKMARK [1][-]{section.1}{\376\377\0001\000\040\000I\000n\000t\000r\000o\000d\000u\000c\000t\000i\000o\000n}{}% 2
\BOOKMARK [1][-]{section.2}{\376\377\0002\000\040\000R\000e\000l\000a\000t\000e\000d\000\040\000W\000o\000r\000k\377\010\000L\000L\000M\165\037\142\020\377\011}{}% 3
\BOOKMARK [2][-]{subsection.2.1}{\376\377\0002\000.\0001\000\040\000A\000I\000\040\217\205\122\251\121\263\173\126\377\010\000A\000I\000-\000a\000s\000s\000i\000s\000t\000e\000d\000\040\000D\000e\000c\000i\000s\000i\000o\000n\000\040\000M\000a\000k\000i\000n\000g\000\051}{section.2}% 4
\BOOKMARK [2][-]{subsection.2.2}{\376\377\0002\000.\0002\000\040\000A\000I\000\040\232\161\122\250\166\204\116\244\116\222\137\017\217\320\122\250\217\205\133\374\377\010\000A\000I\000-\000d\000r\000i\000v\000e\000n\000\040\000I\000n\000t\000e\000r\000a\000c\000t\000i\000v\000e\000\040\000C\000o\000a\000c\000h\000i\000n\000g\000\051}{section.2}% 5
\BOOKMARK [1][-]{section.3}{\376\377\0003\000\040\000F\000r\000a\000m\000e\000w\000o\000r\000k\000:\000\040\000E\000D\000M\000I\000T}{}% 6
\BOOKMARK [2][-]{subsection.3.1}{\376\377\0003\000.\0001\000\040\145\160\143\156\130\236\136\177\173\241\176\277\377\010\000D\000a\000t\000a\000\040\000A\000u\000g\000m\000e\000n\000t\000a\000t\000i\000o\000n\000\040\000P\000i\000p\000e\000l\000i\000n\000e\377\011}{section.3}% 7
\BOOKMARK [2][-]{subsection.3.2}{\376\377\0003\000.\0002\000\040\146\172\200\375\117\123\147\204\136\372\116\016\201\352\142\021\130\236\136\177\377\010\000A\000g\000e\000n\000t\000i\000c\000\040\000S\000i\000m\000u\000l\000a\000t\000i\000o\000n\000\040\000a\000n\000d\000\040\000S\000e\000l\000f\000-\000A\000u\000g\000m\000e\000n\000t\000a\000t\000i\000o\000n\377\011}{section.3}% 8
\BOOKMARK [2][-]{subsection.3.3}{\376\377\0003\000.\0003\000\040\121\263\173\126\224\376\116\016\123\315\231\210\225\355\163\257\377\010\000D\000e\000c\000i\000s\000i\000o\000n\000\040\000C\000h\000a\000i\000n\000\040\000a\000n\000d\000\040\000A\000d\000a\000p\000t\000i\000v\000e\000\040\000F\000e\000e\000d\000b\000a\000c\000k\000\040\000L\000o\000o\000p\377\011}{section.3}% 9
\BOOKMARK [1][-]{section.4}{\376\377\0004\000\040\000U\000s\000e\000r\000\040\000S\000t\000u\000d\000y}{}% 10
\BOOKMARK [2][-]{subsection.4.1}{\376\377\0004\000.\0001\000\040\170\024\172\166\213\276\213\241\377\010\000S\000t\000u\000d\000y\000\040\000D\000e\000s\000i\000g\000n\000\051}{section.4}% 11
\BOOKMARK [2][-]{subsection.4.2}{\376\377\0004\000.\0002\000\040\133\236\232\214\147\141\116\366\377\010\000E\000x\000p\000e\000r\000i\000m\000e\000n\000t\000a\000l\000\040\000C\000o\000n\000d\000i\000t\000i\000o\000n\000s\000\051}{section.4}% 12
\BOOKMARK [2][-]{subsection.4.3}{\376\377\0004\000.\0003\000\040\213\304\155\113\143\007\150\007\377\010\000E\000v\000a\000l\000u\000a\000t\000i\000o\000n\000\040\000M\000e\000t\000r\000i\000c\000s\000\051}{section.4}% 13
\BOOKMARK [2][-]{subsection.4.4}{\376\377\0004\000.\0004\000\040\133\236\232\214\155\101\172\013\377\010\000P\000r\000o\000c\000e\000d\000u\000r\000e\000\051}{section.4}% 14
\BOOKMARK [2][-]{subsection.4.5}{\376\377\0004\000.\0005\000\040\145\160\143\156\122\006\147\220\377\010\000D\000a\000t\000a\000\040\000A\000n\000a\000l\000y\000s\000i\000s\000\051}{section.4}% 15
\BOOKMARK [1][-]{section.5}{\376\377\0005\000\040\000R\000e\000s\000u\000l\000t\000s}{}% 16
\BOOKMARK [2][-]{subsection.5.1}{\376\377\0005\000.\0001\000\040\133\232\221\317\122\006\147\220\377\010\000Q\000u\000a\000n\000t\000i\000t\000a\000t\000i\000v\000e\000\040\000A\000n\000a\000l\000y\000s\000i\000s\000\051}{section.5}% 17
\BOOKMARK [2][-]{subsection.5.2}{\376\377\0005\000.\0002\000\040\133\232\140\047\213\277\214\010\377\010\000Q\000u\000a\000l\000i\000t\000a\000t\000i\000v\000e\000\040\000I\000n\000s\000i\000g\000h\000t\000s\000\051}{section.5}% 18
\BOOKMARK [1][-]{section.6}{\376\377\0006\000\040\000D\000i\000s\000c\000u\000s\000s\000i\000o\000n}{}% 19
\BOOKMARK [2][-]{subsection.6.1}{\376\377\0006\000.\0001\000\040\150\106\147\266\116\016\116\073\211\201\123\321\163\260\126\336\230\176\377\010\000S\000u\000m\000m\000a\000r\000y\000\040\000o\000f\000\040\000F\000i\000n\000d\000i\000n\000g\000s\000\051}{section.6}% 20
\BOOKMARK [2][-]{subsection.6.2}{\376\377\0006\000.\0002\000\040\133\371\000\040\000A\000I\000\040\145\131\176\303\174\373\176\337\213\276\213\241\166\204\124\057\171\072\377\010\000D\000e\000s\000i\000g\000n\000\040\000I\000m\000p\000l\000i\000c\000a\000t\000i\000o\000n\000s\000\051}{section.6}% 21
\BOOKMARK [2][-]{subsection.6.3}{\376\377\0006\000.\0003\000\040\116\272\147\072\121\161\157\024\377\010\000C\000o\000-\000A\000g\000e\000n\000c\000y\377\011\166\204\141\017\116\111}{section.6}% 22
\BOOKMARK [2][-]{subsection.6.4}{\376\377\0006\000.\0004\000\040\134\100\226\120\116\016\147\052\147\145\135\345\117\134\377\010\000L\000i\000m\000i\000t\000a\000t\000i\000o\000n\000s\000\040\000a\000n\000d\000\040\000F\000u\000t\000u\000r\000e\000\040\000W\000o\000r\000k\000\051}{section.6}% 23
\BOOKMARK [1][-]{section*.23}{\376\377\000A\000c\000k\000n\000o\000w\000l\000e\000d\000g\000m\000e\000n\000t\000s}{}% 24
\BOOKMARK [1][-]{section*.25}{\376\377\000R\000e\000f\000e\000r\000e\000n\000c\000e\000s}{}% 25
\BOOKMARK [1][-]{appendix.A}{\376\377\000A\000\040\000R\000e\000s\000e\000a\000r\000c\000h\000\040\000M\000e\000t\000h\000o\000d\000s}{}% 26
